src/App.tsx(98,22): error TS2304: Cannot find name 'Plus'.
src/components/AuditMasterLayout.tsx(197,18): error TS2304: Cannot find name 'Zap'.
src/components/AuditRunner.tsx(242,66): error TS2339: Property 'uploadFile' does not exist on type 'typeof StorageService'.
src/components/ComplianceHub.tsx(50,61): error TS2345: Argument of type '{ title: string; }' is not assignable to parameter of type 'string'.
src/components/ComplianceHub.tsx(52,68): error TS2345: Argument of type '{ title: string; }' is not assignable to parameter of type 'string'.
src/components/ComplianceHub.tsx(149,51): error TS2339: Property 'criticalIncidents' does not exist on type '{ total: any; compliant: any; nonCompliant: any; notTested: any; criticalGaps: any; }'.
src/components/ComplianceHub.tsx(335,124): error TS2304: Cannot find name 'Gavel'.
src/components/ComplianceHub.tsx(408,16): error TS2304: Cannot find name 'ShieldCheck'.
src/components/Dashboard.tsx(75,36): error TS2345: Argument of type 'string | number' is not assignable to parameter of type 'string'.
  Type 'number' is not assignable to type 'string'.
src/components/Dashboard.tsx(181,14): error TS2304: Cannot find name 'LayoutGrid'.
src/components/ErrorBoundary.tsx(55,17): error TS2339: Property 'props' does not exist on type 'ErrorBoundary'.
src/components/ForensicReplay.tsx(31,23): error TS2503: Cannot find namespace 'React'.
src/components/ForensicView.tsx(278,42): error TS2304: Cannot find name 'Wrench'.
src/components/IncidentWorkspace.tsx(132,38): error TS2339: Property 'updatedAt' does not exist on type 'CAPATask'.
src/components/IncidentWorkspace.tsx(132,53): error TS2339: Property 'createdAt' does not exist on type 'CAPATask'.
src/components/IncidentWorkspace.tsx(140,73): error TS2339: Property 'active' does not exist on type '{ time: string; type: string; title: string; desc: string; color: string; icon: any; }'.
src/components/IncidentWorkspace.tsx(153,32): error TS2339: Property 'node' does not exist on type '{ time: string; type: string; title: string; desc: string; color: string; icon: any; }'.
src/components/IncidentWorkspace.tsx(153,154): error TS2339: Property 'node' does not exist on type '{ time: string; type: string; title: string; desc: string; color: string; icon: any; }'.
src/components/IncidentWorkspace.tsx(155,96): error TS2339: Property 'active' does not exist on type '{ time: string; type: string; title: string; desc: string; color: string; icon: any; }'.
src/components/IncidentWorkspace.tsx(156,82): error TS2339: Property 'active' does not exist on type '{ time: string; type: string; title: string; desc: string; color: string; icon: any; }'.
src/components/RegionalRiskDrilldown.tsx(87,33): error TS2339: Property 'type' does not exist on type 'Incident'.
src/components/RegionalRiskDrilldown.tsx(88,27): error TS2339: Property 'description' does not exist on type 'Incident'.
src/components/RegionalRiskDrilldown.tsx(110,28): error TS2339: Property 'createdAt' does not exist on type 'Incident'.
src/components/RegionalRiskDrilldown.tsx(111,21): error TS2339: Property 'description' does not exist on type 'Incident'.
src/components/RemediationWorkflow.tsx(40,45): error TS2345: Argument of type '{ title: string; }' is not assignable to parameter of type 'string'.
src/components/RemediationWorkflow.tsx(42,58): error TS2345: Argument of type '{ title: string; }' is not assignable to parameter of type 'string'.
src/components/RemediationWorkflow.tsx(325,31): error TS2304: Cannot find name 'Gavel'.
src/components/RemediationWorkflow.tsx(326,31): error TS2304: Cannot find name 'Activity'.
src/components/RiskHeatmap.tsx(143,10): error TS2304: Cannot find name 'AnimatePresence'.
src/components/RiskHeatmap.tsx(199,11): error TS2304: Cannot find name 'AnimatePresence'.
src/hooks/useToast.ts(15,22): error TS2503: Cannot find namespace 'React'.
src/hooks/useToast.ts(15,37): error TS2503: Cannot find namespace 'React'.
src/hooks/useToast.ts(17,45): error TS2503: Cannot find namespace 'React'.
src/hooks/useToast.ts(17,60): error TS2503: Cannot find namespace 'React'.
